Microchip MPLAB XC8 Compiler V1.38 ()

Linker command line:

-W-3 --edf=C:\Program Files (x86)\Microchip\xc8\v1.38\dat\en_msgs.txt -cs \
  -h+dist/default/production\RFID_PIC.production.sym \
  --cmf=dist/default/production\RFID_PIC.production.cmf -z -Q18F46K40 \
  -oC:\Users\uidj2522\AppData\Local\Temp\s7k0.2 \
  -Mdist/default/production/RFID_PIC.production.map -E1 -ver=XC8 \
  -ASTACK=060h-0e7dh -pstack=STACK -ACODE=00h-0FFFFh -ACONST=00h-0FFFFh \
  -ASMALLCONST=0F00h-0FFFhx241 -AMEDIUMCONST=0F00h-0FFFFh -ACOMRAM=01h-05Fh \
  -AABS1=00h-0E7Dh -ABIGRAM=01h-0E7Dh \
  -ARAM=060h-0FFh,0100h-01FFhx13,0E00h-0E7Dh -ABANK0=060h-0FFh \
  -ABANK1=0100h-01FFh -ABANK2=0200h-02FFh -ABANK3=0300h-03FFh \
  -ABANK4=0400h-04FFh -ABANK5=0500h-05FFh -ABANK6=0600h-06FFh \
  -ABANK7=0700h-07FFh -ABANK8=0800h-08FFh -ABANK9=0900h-09FFh \
  -ABANK10=0A00h-0AFFh -ABANK11=0B00h-0BFFh -ABANK12=0C00h-0CFFh \
  -ABANK13=0D00h-0DFFh -ABANK14=0E00h-0E7Dh \
  -ASFR=0E7Eh-0EFFh,0F00h-0F5Fh,0F60h-0FFFh \
  -preset_vec=00h,intcode=08h,intcodelo,powerup,init,end_init \
  -pramtop=0F00h -psmallconst=SMALLCONST -pmediumconst=MEDIUMCONST \
  -pconst=CONST -AFARRAM=00h-00h -ACONFIG=0300000h-030000Bh -pconfig=CONFIG \
  -AIDLOC=0200000h-020000Fh -pidloc=IDLOC -AEEDATA=0310000h-03103FFh \
  -peeprom_data=EEDATA \
  -prdata=COMRAM,nvrram=COMRAM,nvbit=COMRAM,rbss=COMRAM,rbit=COMRAM \
  -pfarbss=FARRAM,fardata=FARRAM,nvFARRAM=FARRAM \
  -pintsave_regs=BIGRAM,bigbss=BIGRAM,bigdata=BIGRAM -pbss=RAM \
  -pidata=CODE,irdata=CODE,ibigdata=CODE,ifardata=CODE -prparam=COMRAM \
  C:\Users\uidj2522\AppData\Local\Temp\s7k0.obj \
  dist/default/production\RFID_PIC.production.obj \
  build/default/production/powerup.obj 

Object code version is 3.11

Machine type is 18F46K40

Call graph: (short form)




                Name                               Link     Load   Length Selector   Space Scale
C:\Users\uidj2522\AppData\Local\Temp\s7k0.obj
                end_init                             92       92        4        4       0
                reset_vec                             0        0        4        0       0
                idloc                            200000   200000       10   200000       0
                config                           300000   300000        C   300000       0
dist/default/production\RFID_PIC.production.obj
                intcode                               8        8       84        4       0
                temp                                 21       21        1        1       1
                smallconst                          F00      F00       22      780       0
                text22                             117E     117E        A      791       0
                text21                             110E     110E       1E      791       0
                text20                             1162     1162       12      791       0
                text18                             11A6     11A6        2      791       0
                text17                             1188     1188        8      791       0
                text16                             10EE     10EE       20      791       0
                text15                              F22      F22       7C      791       0
                text14                             1174     1174        A      791       0
                text13                             1196     1196        4      791       0
                text12                             1064     1064       48      791       0
                text11                             1150     1150       12      791       0
                text10                             1014     1014       50      791       0
                text9                              11A4     11A4        2      791       0
                text8                              11A2     11A2        2      791       0
                text7                              11A0     11A0        2      791       0
                text6                              119E     119E        2      791       0
                text5                              119C     119C        2      791       0
                text4                              1190     1190        6      791       0
                text3                              119A     119A        2      791       0
                text2                              10AC     10AC       42      791       0
                text1                               F9E      F9E       76      791       0
                text0                              113E     113E       12      791       0
                cstackCOMRAM                          1        1       18        1       1
                bssCOMRAM                            1D       1D        4        1       1
                cinit                              112C     112C       12      791       0
                nvCOMRAM                             19       19        4        1       1
build/default/production/powerup.obj
                powerup                              8C       8C        6        4       0

TOTAL           Name                               Link     Load   Length     Space
        CLASS   STACK          

        CLASS   CODE           
                end_init                             92       92        4         0
                intcode                               8        8       84         0
                powerup                              8C       8C        6         0
                reset_vec                             0        0        4         0
                text22                             117E     117E        A         0
                text21                             110E     110E       1E         0
                text20                             1162     1162       12         0
                text18                             11A6     11A6        2         0
                text17                             1188     1188        8         0
                text16                             10EE     10EE       20         0
                text15                              F22      F22       7C         0
                text14                             1174     1174        A         0
                text13                             1196     1196        4         0
                text12                             1064     1064       48         0
                text11                             1150     1150       12         0
                text10                             1014     1014       50         0
                text9                              11A4     11A4        2         0
                text8                              11A2     11A2        2         0
                text7                              11A0     11A0        2         0
                text6                              119E     119E        2         0
                text5                              119C     119C        2         0
                text4                              1190     1190        6         0
                text3                              119A     119A        2         0
                text2                              10AC     10AC       42         0
                text1                               F9E      F9E       76         0
                text0                              113E     113E       12         0
                cinit                              112C     112C       12         0

        CLASS   CONST          

        CLASS   SMALLCONST     
                smallconst                          F00      F00       22         0

        CLASS   MEDIUMCONST    

        CLASS   COMRAM         
                temp                                 21       21        1         1
                cstackCOMRAM                          1        1       18         1
                bssCOMRAM                            1D       1D        4         1
                nvCOMRAM                             19       19        4         1

        CLASS   ABS1           

        CLASS   BIGRAM         

        CLASS   RAM            

        CLASS   BANK0          

        CLASS   BANK1          

        CLASS   BANK2          

        CLASS   BANK3          

        CLASS   BANK4          

        CLASS   BANK5          

        CLASS   BANK6          

        CLASS   BANK7          

        CLASS   BANK8          

        CLASS   BANK9          

        CLASS   BANK10         

        CLASS   BANK11         

        CLASS   BANK12         

        CLASS   BANK13         

        CLASS   BANK14         

        CLASS   SFR            

        CLASS   FARRAM         

        CLASS   CONFIG         
                config                           300000   300000        C         0

        CLASS   IDLOC          
                idloc                            200000   200000       10         0

        CLASS   EEDATA         



SEGMENTS        Name                           Load    Length   Top    Selector   Space  Class

                reset_vec                      000000  000004  000004         0       0  CODE    
                cstackCOMRAM                   000001  000021  000022         1       1  COMRAM  
                intcode                        000008  00008E  000096         4       0  CODE    
                smallconst                     000F00  000022  000F22       780       0  SMALLCON
                text15                         000F22  000286  0011A8       791       0  CODE    
                idloc                          200000  000010  200010    200000       0  IDLOC   
                config                         300000  00000C  30000C    300000       0  CONFIG  


UNUSED ADDRESS RANGES

        Name                Unused          Largest block    Delta
        BANK0            000060-0000FF               A0
        BANK1            000100-0001FF              100
        BANK10           000A00-000AFF              100
        BANK11           000B00-000BFF              100
        BANK12           000C00-000CFF              100
        BANK13           000D00-000DFF              100
        BANK14           000E00-000E7D               7E
        BANK2            000200-0002FF              100
        BANK3            000300-0003FF              100
        BANK4            000400-0004FF              100
        BANK5            000500-0005FF              100
        BANK6            000600-0006FF              100
        BANK7            000700-0007FF              100
        BANK8            000800-0008FF              100
        BANK9            000900-0009FF              100
        BIGRAM           000022-000E7D              E5C
        CODE             000004-000007                4
                         000096-000EFF              E6A
                         0011A8-00FFFF             EE58
        COMRAM           000022-00005F               3E
        CONST            000004-000007                4
                         000096-000EFF              E6A
                         0011A8-00FFFF             EE58
        EEDATA           310000-3103FF              400
        MEDIUMCONST      0011A8-00FFFF             EE58
        RAM              000060-000E7D              100
        SFR              000E7E-000FFF               82
        SMALLCONST       0011A8-00FFFF              100
        STACK            000060-000E7D              E1E

                                  Symbol Table

TMR1_SetInterruptHandler@InterruptHandler cstackCOMRAM 00000F
_ANSELA                                   (abs)        000F11
_ANSELB                                   (abs)        000F19
_ANSELC                                   (abs)        000F21
_ANSELD                                   (abs)        000F26
_ANSELE                                   (abs)        000F2E
_Execute_task                             bssCOMRAM    00001F
_INTCONbits                               (abs)        000FF2
_INTERRUPT_Initialize                     text17       001188
_INTERRUPT_InterruptManagerHigh           intcode      000008
_IPR4bits                                 (abs)        000EBE
_InitApp                                  text18       0011A6
_LATA                                     (abs)        000F83
_LATB                                     (abs)        000F84
_LATBbits                                 (abs)        000F84
_LATC                                     (abs)        000F85
_LATD                                     (abs)        000F86
_LATE                                     (abs)        000F87
_NVMADRH                                  (abs)        000F7F
_NVMADRL                                  (abs)        000F7E
_NVMCON1bits                              (abs)        000F81
_NVMCON2                                  (abs)        000F82
_NVMDAT                                   (abs)        000F80
_ODCONA                                   (abs)        000F0F
_ODCONB                                   (abs)        000F17
_ODCONC                                   (abs)        000F1F
_ODCOND                                   (abs)        000F24
_ODCONE                                   (abs)        000F2C
_OSCCON1                                  (abs)        000ED8
_OSCCON3                                  (abs)        000EDA
_OSCEN                                    (abs)        000EDC
_OSCFRQ                                   (abs)        000EDE
_OSCILLATOR_Initialize                    text16       0010EE
_OSCTUNE                                  (abs)        000EDD
_PIE4bits                                 (abs)        000EC6
_PIN_MANAGER_Initialize                   text15       000F22
_PIR4bits                                 (abs)        000ECE
_PIR7bits                                 (abs)        000ED1
_SYSTEM_Initialize                        text11       001150
_T1CLK                                    (abs)        000FD2
_T1CON                                    (abs)        000FCF
_T1CONbits                                (abs)        000FCF
_T1GATE                                   (abs)        000FD1
_T1GCON                                   (abs)        000FD0
_T1GCONbits                               (abs)        000FD0
_TABLAT                                   (abs)        000FF5
_TASK_DUMMY                               text5        00119C
_TBLPTRH                                  (abs)        000FF7
_TBLPTRL                                  (abs)        000FF6
_TBLPTRU                                  (abs)        000FF8
_TMR1H                                    (abs)        000FCE
_TMR1IF                                   (abs)        007670
_TMR1L                                    (abs)        000FCD
_TMR1_CallBack                            text21       00110E
_TMR1_DefaultInterruptHandler             text22       00117E
_TMR1_ISR                                 text20       001162
_TMR1_Initialize                          text12       001064
_TMR1_InterruptHandler                    nvCOMRAM     000019
_TMR1_SetInterruptHandler                 text14       001174
_TMR1_StartTimer                          text13       001196
_TRISA                                    (abs)        000F88
_TRISB                                    (abs)        000F89
_TRISC                                    (abs)        000F8A
_TRISD                                    (abs)        000F8B
_TRISE                                    (abs)        000F8C
_WPUA                                     (abs)        000F10
_WPUB                                     (abs)        000F18
_WPUC                                     (abs)        000F20
_WPUD                                     (abs)        000F25
_WPUE                                     (abs)        000F2D
__CFG_BOREN$SBORDIS                       (abs)        000000
__CFG_BORV$VBOR_2P45                      (abs)        000000
__CFG_CLKOUTEN$OFF                        (abs)        000000
__CFG_CP$OFF                              (abs)        000000
__CFG_CPD$OFF                             (abs)        000000
__CFG_CSWEN$ON                            (abs)        000000
__CFG_DEBUG$ON                            (abs)        000000
__CFG_EBTR0$OFF                           (abs)        000000
__CFG_EBTR1$OFF                           (abs)        000000
__CFG_EBTR2$OFF                           (abs)        000000
__CFG_EBTR3$OFF                           (abs)        000000
__CFG_EBTRB$OFF                           (abs)        000000
__CFG_FCMEN$OFF                           (abs)        000000
__CFG_FEXTOSC$OFF                         (abs)        000000
__CFG_LPBOREN$OFF                         (abs)        000000
__CFG_LVP$OFF                             (abs)        000000
__CFG_MCLRE$EXTMCLR                       (abs)        000000
__CFG_PPS1WAY$ON                          (abs)        000000
__CFG_PWRTE$OFF                           (abs)        000000
__CFG_RSTOSC$HFINTOSC_64MHZ               (abs)        000000
__CFG_SCANE$ON                            (abs)        000000
__CFG_STVREN$ON                           (abs)        000000
__CFG_WDTCCS$SC                           (abs)        000000
__CFG_WDTCPS$WDTCPS_31                    (abs)        000000
__CFG_WDTCWS$WDTCWS_7                     (abs)        000000
__CFG_WDTE$OFF                            (abs)        000000
__CFG_WRT0$OFF                            (abs)        000000
__CFG_WRT1$OFF                            (abs)        000000
__CFG_WRT2$OFF                            (abs)        000000
__CFG_WRT3$OFF                            (abs)        000000
__CFG_WRTB$OFF                            (abs)        000000
__CFG_WRTC$OFF                            (abs)        000000
__CFG_WRTD$OFF                            (abs)        000000
__CFG_XINST$OFF                           (abs)        000000
__CFG_ZCD$OFF                             (abs)        000000
__HRAM                                    (abs)        000000
__Habs1                                   abs1         000000
__Hbank0                                  bank0        000000
__Hbank1                                  bank1        000000
__Hbank10                                 bank10       000000
__Hbank11                                 bank11       000000
__Hbank12                                 bank12       000000
__Hbank13                                 bank13       000000
__Hbank14                                 bank14       000000
__Hbank2                                  bank2        000000
__Hbank3                                  bank3        000000
__Hbank4                                  bank4        000000
__Hbank5                                  bank5        000000
__Hbank6                                  bank6        000000
__Hbank7                                  bank7        000000
__Hbank8                                  bank8        000000
__Hbank9                                  bank9        000000
__Hbigbss                                 bigbss       000000
__Hbigdata                                bigdata      000000
__Hbigram                                 bigram       000000
__Hbss                                    bss          000000
__HbssCOMRAM                              bssCOMRAM    000000
__Hcinit                                  cinit        000000
__Hclrtext                                clrtext      000000
__Hcomram                                 comram       000000
__Hconfig                                 config       30000C
__Hconst                                  const        000000
__HcstackCOMRAM                           cstackCOMRAM 000000
__Hdata                                   data         000000
__Heeprom_data                            eeprom_data  000000
__Hend_init                               end_init     000096
__Hfarbss                                 farbss       000000
__Hfardata                                fardata      000000
__Hibigdata                               ibigdata     000000
__Hidata                                  idata        000000
__Hidloc                                  idloc        200010
__Hifardata                               ifardata     000000
__Hinit                                   init         000092
__Hintcode                                intcode      00008C
__Hintcode_body                           intcode_body 000000
__Hintcodelo                              intcodelo    00008C
__Hintentry                               intentry     000000
__Hintret                                 intret       000000
__Hintsave_regs                           intsave_regs 000000
__Hirdata                                 irdata       000000
__Hmediumconst                            mediumconst  000000
__HnvCOMRAM                               nvCOMRAM     000000
__HnvFARRAM                               nvFARRAM     000000
__Hnvbit                                  nvbit        000000
__Hnvrram                                 nvrram       000000
__Hparam                                  rparam       000000
__Hpowerup                                powerup      000092
__Hram                                    ram          000000
__Hramtop                                 ramtop       000F00
__Hrbit                                   rbit         000000
__Hrbss                                   rbss         000000
__Hrdata                                  rdata        000000
__Hreset_vec                              reset_vec    000004
__Hrparam                                 rparam       000000
__Hsfr                                    sfr          000000
__Hsmallconst                             smallconst   000F22
__Hspace_0                                (abs)        30000C
__Hspace_1                                (abs)        000022
__Hspace_2                                (abs)        000000
__Hstack                                  stack        000000
__Hstruct                                 struct       000000
__Htemp                                   temp         000022
__Htext                                   text         000000
__Htext0                                  text0        000000
__Htext1                                  text1        000000
__Htext10                                 text10       000000
__Htext11                                 text11       000000
__Htext12                                 text12       000000
__Htext13                                 text13       000000
__Htext14                                 text14       000000
__Htext15                                 text15       000000
__Htext16                                 text16       000000
__Htext17                                 text17       000000
__Htext18                                 text18       000000
__Htext2                                  text2        000000
__Htext20                                 text20       000000
__Htext21                                 text21       000000
__Htext22                                 text22       000000
__Htext23                                 text23       000000
__Htext3                                  text3        000000
__Htext4                                  text4        000000
__Htext5                                  text5        000000
__Htext6                                  text6        000000
__Htext7                                  text7        000000
__Htext8                                  text8        000000
__Htext9                                  text9        000000
__LRAM                                    (abs)        000001
__Labs1                                   abs1         000000
__Lbank0                                  bank0        000000
__Lbank1                                  bank1        000000
__Lbank10                                 bank10       000000
__Lbank11                                 bank11       000000
__Lbank12                                 bank12       000000
__Lbank13                                 bank13       000000
__Lbank14                                 bank14       000000
__Lbank2                                  bank2        000000
__Lbank3                                  bank3        000000
__Lbank4                                  bank4        000000
__Lbank5                                  bank5        000000
__Lbank6                                  bank6        000000
__Lbank7                                  bank7        000000
__Lbank8                                  bank8        000000
__Lbank9                                  bank9        000000
__Lbigbss                                 bigbss       000000
__Lbigdata                                bigdata      000000
__Lbigram                                 bigram       000000
__Lbss                                    bss          000000
__LbssCOMRAM                              bssCOMRAM    000000
__Lcinit                                  cinit        000000
__Lclrtext                                clrtext      000000
__Lcomram                                 comram       000000
__Lconfig                                 config       300000
__Lconst                                  const        000000
__LcstackCOMRAM                           cstackCOMRAM 000000
__Ldata                                   data         000000
__Leeprom_data                            eeprom_data  000000
__Lend_init                               end_init     000092
__Lfarbss                                 farbss       000000
__Lfardata                                fardata      000000
__Libigdata                               ibigdata     000000
__Lidata                                  idata        000000
__Lidloc                                  idloc        200000
__Lifardata                               ifardata     000000
__Linit                                   init         000092
__Lintcode                                intcode      000008
__Lintcode_body                           intcode_body 000000
__Lintcodelo                              intcodelo    00008C
__Lintentry                               intentry     000000
__Lintret                                 intret       000000
__Lintsave_regs                           intsave_regs 000000
__Lirdata                                 irdata       000000
__Lmediumconst                            mediumconst  000000
__LnvCOMRAM                               nvCOMRAM     000000
__LnvFARRAM                               nvFARRAM     000000
__Lnvbit                                  nvbit        000000
__Lnvrram                                 nvrram       000000
__Lparam                                  rparam       000000
__Lpowerup                                powerup      00008C
__Lram                                    ram          000000
__Lramtop                                 ramtop       000F00
__Lrbit                                   rbit         000000
__Lrbss                                   rbss         000000
__Lrdata                                  rdata        000000
__Lreset_vec                              reset_vec    000000
__Lrparam                                 rparam       000000
__Lsfr                                    sfr          000000
__Lsmallconst                             smallconst   000F00
__Lspace_0                                (abs)        000000
__Lspace_1                                (abs)        000000
__Lspace_2                                (abs)        000000
__Lstack                                  stack        000000
__Lstruct                                 struct       000000
__Ltemp                                   temp         000021
__Ltext                                   text         000000
__Ltext0                                  text0        000000
__Ltext1                                  text1        000000
__Ltext10                                 text10       000000
__Ltext11                                 text11       000000
__Ltext12                                 text12       000000
__Ltext13                                 text13       000000
__Ltext14                                 text14       000000
__Ltext15                                 text15       000000
__Ltext16                                 text16       000000
__Ltext17                                 text17       000000
__Ltext18                                 text18       000000
__Ltext2                                  text2        000000
__Ltext20                                 text20       000000
__Ltext21                                 text21       000000
__Ltext22                                 text22       000000
__Ltext23                                 text23       000000
__Ltext3                                  text3        000000
__Ltext4                                  text4        000000
__Ltext5                                  text5        000000
__Ltext6                                  text6        000000
__Ltext7                                  text7        000000
__Ltext8                                  text8        000000
__Ltext9                                  text9        000000
__S0                                      (abs)        30000C
__S1                                      (abs)        000022
__S2                                      (abs)        000000
___inthi_sp                               stack        000000
___intlo_sp                               stack        000000
___param_bank                             (abs)        000010
___rparam_used                            (abs)        000001
___sp                                     stack        000000
__accesstop                               (abs)        000060
__activetblptr                            (abs)        000003
__end_of_INTERRUPT_Initialize             text17       001190
__end_of_INTERRUPT_InterruptManagerHigh   intcode      00008C
__end_of_InitApp                          text18       0011A8
__end_of_OSCILLATOR_Initialize            text16       00110E
__end_of_PIN_MANAGER_Initialize           text15       000F9E
__end_of_SYSTEM_Initialize                text11       001162
__end_of_TASK_DUMMY                       text5        00119E
__end_of_TMR1_CallBack                    text21       00112C
__end_of_TMR1_DefaultInterruptHandler     text22       001188
__end_of_TMR1_ISR                         text20       001174
__end_of_TMR1_Initialize                  text12       0010AC
__end_of_TMR1_SetInterruptHandler         text14       00117E
__end_of_TMR1_StartTimer                  text13       00119A
__end_of__initialization                  cinit        001134
__end_of_app_LED_Task                     text10       001064
__end_of_main                             text0        001150
__end_of_periodic_task_1024tk             text3        00119C
__end_of_periodic_task_2tk                text8        0011A4
__end_of_periodic_task_32tk               text4        001196
__end_of_periodic_task_4tk                text7        0011A2
__end_of_periodic_task_8tk                text6        0011A0
__end_of_periodic_task_tk                 text9        0011A6
__end_of_sched_util_task_finder           text2        0010EE
__end_of_scheduler_loop                   text1        001014
__end_of_tasks_list                       smallconst   000F21
__initialization                          cinit        00112C
__mediumconst                             mediumconst  000000
__pbssCOMRAM                              bssCOMRAM    00001D
__pcinit                                  cinit        00112C
__pcstackCOMRAM                           cstackCOMRAM 000001
__pintcode                                intcode      000008
__pnvCOMRAM                               nvCOMRAM     000019
__psmallconst                             smallconst   000F00
__ptext0                                  text0        00113E
__ptext1                                  text1        000F9E
__ptext10                                 text10       001014
__ptext11                                 text11       001150
__ptext12                                 text12       001064
__ptext13                                 text13       001196
__ptext14                                 text14       001174
__ptext15                                 text15       000F22
__ptext16                                 text16       0010EE
__ptext17                                 text17       001188
__ptext18                                 text18       0011A6
__ptext2                                  text2        0010AC
__ptext20                                 text20       001162
__ptext21                                 text21       00110E
__ptext22                                 text22       00117E
__ptext23                                 text23       000000
__ptext3                                  text3        00119A
__ptext4                                  text4        001190
__ptext5                                  text5        00119C
__ptext6                                  text6        00119E
__ptext7                                  text7        0011A0
__ptext8                                  text8        0011A2
__ptext9                                  text9        0011A4
__ramtop                                  ramtop       000F00
__size_of_INTERRUPT_Initialize            (abs)        000000
__size_of_INTERRUPT_InterruptManagerHigh  (abs)        000000
__size_of_InitApp                         (abs)        000000
__size_of_OSCILLATOR_Initialize           (abs)        000000
__size_of_PIN_MANAGER_Initialize          (abs)        000000
__size_of_SYSTEM_Initialize               (abs)        000000
__size_of_TASK_DUMMY                      (abs)        000000
__size_of_TMR1_CallBack                   (abs)        000000
__size_of_TMR1_DefaultInterruptHandler    (abs)        000000
__size_of_TMR1_ISR                        (abs)        000000
__size_of_TMR1_Initialize                 (abs)        000000
__size_of_TMR1_SetInterruptHandler        (abs)        000000
__size_of_TMR1_StartTimer                 (abs)        000000
__size_of_app_LED_Task                    (abs)        000000
__size_of_main                            (abs)        000000
__size_of_periodic_task_1024tk            (abs)        000000
__size_of_periodic_task_2tk               (abs)        000000
__size_of_periodic_task_32tk              (abs)        000000
__size_of_periodic_task_4tk               (abs)        000000
__size_of_periodic_task_8tk               (abs)        000000
__size_of_periodic_task_tk                (abs)        000000
__size_of_sched_util_task_finder          (abs)        000000
__size_of_scheduler_loop                  (abs)        000000
__smallconst                              smallconst   000F00
_app_LED_Task                             text10       001014
_main                                     text0        00113E
_periodic_task_1024tk                     text3        00119A
_periodic_task_2tk                        text8        0011A2
_periodic_task_32tk                       text4        001190
_periodic_task_4tk                        text7        0011A0
_periodic_task_8tk                        text6        00119E
_periodic_task_tk                         text9        0011A4
_sch_alarm                                bssCOMRAM    000020
_sched_util_task_finder                   text2        0010AC
_scheduler_counter                        bssCOMRAM    00001D
_scheduler_loop                           text1        000F9E
_tasks_list                               smallconst   000F01
_timer1ReloadVal                          nvCOMRAM     00001B
btemp                                     temp         000021
end_of_initialization                     cinit        001134
int$flags                                 temp         000021
intlevel0                                 text         000000
intlevel1                                 text         000000
intlevel2                                 text         000000
intlevel3                                 text         000000
powerup                                   powerup      00008C
sched_util_task_finder@lub_ExitFlag       cstackCOMRAM 000014
sched_util_task_finder@lub_TaskIndex      cstackCOMRAM 000015
sched_util_task_finder@sch_counter        cstackCOMRAM 00000F
stackhi                                   (abs)        000E7D
stacklo                                   (abs)        000060
start                                     init         000092
start_initialization                      cinit        00112C


FUNCTION INFORMATION:

 *************** function _main *****************
 Defined at:
		line 53 in file "main.c"
 Parameters:    Size  Location     Type
		None
 Auto vars:     Size  Location     Type
		None
 Return value:  Size  Location     Type
                  1    wreg      void 
 Registers used:
		wreg, status,2, status,0, pclat, tosl, tblptrl, tblptrh, tblptru, prodl, prodh, cstack
 Tracked objects:
		On entry : 
		On exit  : 
		Unchanged: 
 Data sizes:     COMRAM   BANK0   BANK1   BANK2   BANK3   BANK4   BANK5   BANK6   BANK7   BANK8   BANK9  BANK10  BANK11  BANK12  BANK13  BANK14
      Params:         0       0       0       0       0       0       0       0       0       0       0       0       0       0       0       0
      Locals:         0       0       0       0       0       0       0       0       0       0       0       0       0       0       0       0
      Temps:          0       0       0       0       0       0       0       0       0       0       0       0       0       0       0       0
      Totals:         0       0       0       0       0       0       0       0       0       0       0       0       0       0       0       0
Total ram usage:        0 bytes
 Hardware stack levels required when called:    7
 This function calls:
		_InitApp
		_SYSTEM_Initialize
		_scheduler_loop
 This function is called by:
		Startup code after reset
 This function uses a non-reentrant model


 *************** function _scheduler_loop *****************
 Defined at:
		line 45 in file "OS_SEBELL/OS_SEBELL_schedu.c"
 Parameters:    Size  Location     Type
		None
 Auto vars:     Size  Location     Type
		None
 Return value:  Size  Location     Type
                  1    wreg      void 
 Registers used:
		wreg, status,2, status,0, pclat, tosl, tblptrl, tblptrh, tblptru, prodl, prodh, cstack
 Tracked objects:
		On entry : 
		On exit  : 
		Unchanged: 
 Data sizes:     COMRAM   BANK0   BANK1   BANK2   BANK3   BANK4   BANK5   BANK6   BANK7   BANK8   BANK9  BANK10  BANK11  BANK12  BANK13  BANK14
      Params:         0       0       0       0       0       0       0       0       0       0       0       0       0       0       0       0
      Locals:         0       0       0       0       0       0       0       0       0       0       0       0       0       0       0       0
      Temps:          3       0       0       0       0       0       0       0       0       0       0       0       0       0       0       0
      Totals:         3       0       0       0       0       0       0       0       0       0       0       0       0       0       0       0
Total ram usage:        3 bytes
 Hardware stack levels used:    1
 Hardware stack levels required when called:    6
 This function calls:
		_TASK_DUMMY
		_periodic_task_1024tk
		_periodic_task_2tk
		_periodic_task_32tk
		_periodic_task_4tk
		_periodic_task_8tk
		_periodic_task_tk
		_sched_util_task_finder
 This function is called by:
		_main
 This function uses a non-reentrant model


 *************** function _sched_util_task_finder *****************
 Defined at:
		line 12 in file "OS_SEBELL/OS_SEBELL_sched_util.c"
 Parameters:    Size  Location     Type
  sch_counter     2   14[COMRAM] unsigned short 
 Auto vars:     Size  Location     Type
  lub_TaskInde    1   20[COMRAM] unsigned char 
  lub_ExitFlag    1   19[COMRAM] unsigned char 
 Return value:  Size  Location     Type
                  1    wreg      unsigned char 
 Registers used:
		wreg, status,2, status,0
 Tracked objects:
		On entry : 
		On exit  : 
		Unchanged: 
 Data sizes:     COMRAM   BANK0   BANK1   BANK2   BANK3   BANK4   BANK5   BANK6   BANK7   BANK8   BANK9  BANK10  BANK11  BANK12  BANK13  BANK14
      Params:         2       0       0       0       0       0       0       0       0       0       0       0       0       0       0       0
      Locals:         2       0       0       0       0       0       0       0       0       0       0       0       0       0       0       0
      Temps:          3       0       0       0       0       0       0       0       0       0       0       0       0       0       0       0
      Totals:         7       0       0       0       0       0       0       0       0       0       0       0       0       0       0       0
Total ram usage:        7 bytes
 Hardware stack levels used:    1
 Hardware stack levels required when called:    4
 This function calls:
		Nothing
 This function is called by:
		_scheduler_loop
 This function uses a non-reentrant model


 *************** function _periodic_task_1024tk *****************
 Defined at:
		line 31 in file "periodic_task_exec.c"
 Parameters:    Size  Location     Type
		None
 Auto vars:     Size  Location     Type
		None
 Return value:  Size  Location     Type
                  1    wreg      void 
 Registers used:
		None
 Tracked objects:
		On entry : 
		On exit  : 
		Unchanged: 
 Data sizes:     COMRAM   BANK0   BANK1   BANK2   BANK3   BANK4   BANK5   BANK6   BANK7   BANK8   BANK9  BANK10  BANK11  BANK12  BANK13  BANK14
      Params:         0       0       0       0       0       0       0       0       0       0       0       0       0       0       0       0
      Locals:         0       0       0       0       0       0       0       0       0       0       0       0       0       0       0       0
      Temps:          0       0       0       0       0       0       0       0       0       0       0       0       0       0       0       0
      Totals:         0       0       0       0       0       0       0       0       0       0       0       0       0       0       0       0
Total ram usage:        0 bytes
 Hardware stack levels used:    1
 Hardware stack levels required when called:    4
 This function calls:
		Nothing
 This function is called by:
		_scheduler_loop
 This function uses a non-reentrant model


 *************** function _periodic_task_32tk *****************
 Defined at:
		line 25 in file "periodic_task_exec.c"
 Parameters:    Size  Location     Type
		None
 Auto vars:     Size  Location     Type
		None
 Return value:  Size  Location     Type
                  1    wreg      void 
 Registers used:
		wreg, status,2, status,0, cstack
 Tracked objects:
		On entry : 
		On exit  : 
		Unchanged: 
 Data sizes:     COMRAM   BANK0   BANK1   BANK2   BANK3   BANK4   BANK5   BANK6   BANK7   BANK8   BANK9  BANK10  BANK11  BANK12  BANK13  BANK14
      Params:         0       0       0       0       0       0       0       0       0       0       0       0       0       0       0       0
      Locals:         0       0       0       0       0       0       0       0       0       0       0       0       0       0       0       0
      Temps:          0       0       0       0       0       0       0       0       0       0       0       0       0       0       0       0
      Totals:         0       0       0       0       0       0       0       0       0       0       0       0       0       0       0       0
Total ram usage:        0 bytes
 Hardware stack levels used:    1
 Hardware stack levels required when called:    5
 This function calls:
		_app_LED_Task
 This function is called by:
		_scheduler_loop
 This function uses a non-reentrant model


 *************** function _TASK_DUMMY *****************
 Defined at:
		line 37 in file "periodic_task_exec.c"
 Parameters:    Size  Location     Type
		None
 Auto vars:     Size  Location     Type
		None
 Return value:  Size  Location     Type
                  1    wreg      void 
 Registers used:
		None
 Tracked objects:
		On entry : 
		On exit  : 
		Unchanged: 
 Data sizes:     COMRAM   BANK0   BANK1   BANK2   BANK3   BANK4   BANK5   BANK6   BANK7   BANK8   BANK9  BANK10  BANK11  BANK12  BANK13  BANK14
      Params:         0       0       0       0       0       0       0       0       0       0       0       0       0       0       0       0
      Locals:         0       0       0       0       0       0       0       0       0       0       0       0       0       0       0       0
      Temps:          0       0       0       0       0       0       0       0       0       0       0       0       0       0       0       0
      Totals:         0       0       0       0       0       0       0       0       0       0       0       0       0       0       0       0
Total ram usage:        0 bytes
 Hardware stack levels used:    1
 Hardware stack levels required when called:    4
 This function calls:
		Nothing
 This function is called by:
		_scheduler_loop
 This function uses a non-reentrant model


 *************** function _periodic_task_8tk *****************
 Defined at:
		line 20 in file "periodic_task_exec.c"
 Parameters:    Size  Location     Type
		None
 Auto vars:     Size  Location     Type
		None
 Return value:  Size  Location     Type
                  1    wreg      void 
 Registers used:
		None
 Tracked objects:
		On entry : 
		On exit  : 
		Unchanged: 
 Data sizes:     COMRAM   BANK0   BANK1   BANK2   BANK3   BANK4   BANK5   BANK6   BANK7   BANK8   BANK9  BANK10  BANK11  BANK12  BANK13  BANK14
      Params:         0       0       0       0       0       0       0       0       0       0       0       0       0       0       0       0
      Locals:         0       0       0       0       0       0       0       0       0       0       0       0       0       0       0       0
      Temps:          0       0       0       0       0       0       0       0       0       0       0       0       0       0       0       0
      Totals:         0       0       0       0       0       0       0       0       0       0       0       0       0       0       0       0
Total ram usage:        0 bytes
 Hardware stack levels used:    1
 Hardware stack levels required when called:    4
 This function calls:
		Nothing
 This function is called by:
		_scheduler_loop
 This function uses a non-reentrant model


 *************** function _periodic_task_4tk *****************
 Defined at:
		line 15 in file "periodic_task_exec.c"
 Parameters:    Size  Location     Type
		None
 Auto vars:     Size  Location     Type
		None
 Return value:  Size  Location     Type
                  1    wreg      void 
 Registers used:
		None
 Tracked objects:
		On entry : 
		On exit  : 
		Unchanged: 
 Data sizes:     COMRAM   BANK0   BANK1   BANK2   BANK3   BANK4   BANK5   BANK6   BANK7   BANK8   BANK9  BANK10  BANK11  BANK12  BANK13  BANK14
      Params:         0       0       0       0       0       0       0       0       0       0       0       0       0       0       0       0
      Locals:         0       0       0       0       0       0       0       0       0       0       0       0       0       0       0       0
      Temps:          0       0       0       0       0       0       0       0       0       0       0       0       0       0       0       0
      Totals:         0       0       0       0       0       0       0       0       0       0       0       0       0       0       0       0
Total ram usage:        0 bytes
 Hardware stack levels used:    1
 Hardware stack levels required when called:    4
 This function calls:
		Nothing
 This function is called by:
		_scheduler_loop
 This function uses a non-reentrant model


 *************** function _periodic_task_2tk *****************
 Defined at:
		line 10 in file "periodic_task_exec.c"
 Parameters:    Size  Location     Type
		None
 Auto vars:     Size  Location     Type
		None
 Return value:  Size  Location     Type
                  1    wreg      void 
 Registers used:
		None
 Tracked objects:
		On entry : 
		On exit  : 
		Unchanged: 
 Data sizes:     COMRAM   BANK0   BANK1   BANK2   BANK3   BANK4   BANK5   BANK6   BANK7   BANK8   BANK9  BANK10  BANK11  BANK12  BANK13  BANK14
      Params:         0       0       0       0       0       0       0       0       0       0       0       0       0       0       0       0
      Locals:         0       0       0       0       0       0       0       0       0       0       0       0       0       0       0       0
      Temps:          0       0       0       0       0       0       0       0       0       0       0       0       0       0       0       0
      Totals:         0       0       0       0       0       0       0       0       0       0       0       0       0       0       0       0
Total ram usage:        0 bytes
 Hardware stack levels used:    1
 Hardware stack levels required when called:    4
 This function calls:
		Nothing
 This function is called by:
		_scheduler_loop
 This function uses a non-reentrant model


 *************** function _periodic_task_tk *****************
 Defined at:
		line 5 in file "periodic_task_exec.c"
 Parameters:    Size  Location     Type
		None
 Auto vars:     Size  Location     Type
		None
 Return value:  Size  Location     Type
                  1    wreg      void 
 Registers used:
		None
 Tracked objects:
		On entry : 
		On exit  : 
		Unchanged: 
 Data sizes:     COMRAM   BANK0   BANK1   BANK2   BANK3   BANK4   BANK5   BANK6   BANK7   BANK8   BANK9  BANK10  BANK11  BANK12  BANK13  BANK14
      Params:         0       0       0       0       0       0       0       0       0       0       0       0       0       0       0       0
      Locals:         0       0       0       0       0       0       0       0       0       0       0       0       0       0       0       0
      Temps:          0       0       0       0       0       0       0       0       0       0       0       0       0       0       0       0
      Totals:         0       0       0       0       0       0       0       0       0       0       0       0       0       0       0       0
Total ram usage:        0 bytes
 Hardware stack levels used:    1
 Hardware stack levels required when called:    4
 This function calls:
		Nothing
 This function is called by:
		_scheduler_loop
 This function uses a non-reentrant model


 *************** function _app_LED_Task *****************
 Defined at:
		line 11 in file "app/app_LED.c"
 Parameters:    Size  Location     Type
		None
 Auto vars:     Size  Location     Type
		None
 Return value:  Size  Location     Type
                  1    wreg      void 
 Registers used:
		wreg, status,2, status,0
 Tracked objects:
		On entry : 
		On exit  : 
		Unchanged: 
 Data sizes:     COMRAM   BANK0   BANK1   BANK2   BANK3   BANK4   BANK5   BANK6   BANK7   BANK8   BANK9  BANK10  BANK11  BANK12  BANK13  BANK14
      Params:         0       0       0       0       0       0       0       0       0       0       0       0       0       0       0       0
      Locals:         0       0       0       0       0       0       0       0       0       0       0       0       0       0       0       0
      Temps:          1       0       0       0       0       0       0       0       0       0       0       0       0       0       0       0
      Totals:         1       0       0       0       0       0       0       0       0       0       0       0       0       0       0       0
Total ram usage:        1 bytes
 Hardware stack levels used:    1
 Hardware stack levels required when called:    4
 This function calls:
		Nothing
 This function is called by:
		_periodic_task_32tk
 This function uses a non-reentrant model


 *************** function _SYSTEM_Initialize *****************
 Defined at:
		line 107 in file "mcc_generated_files/mcc.c"
 Parameters:    Size  Location     Type
		None
 Auto vars:     Size  Location     Type
		None
 Return value:  Size  Location     Type
                  1    wreg      void 
 Registers used:
		wreg, status,2, status,0, cstack
 Tracked objects:
		On entry : 
		On exit  : 
		Unchanged: 
 Data sizes:     COMRAM   BANK0   BANK1   BANK2   BANK3   BANK4   BANK5   BANK6   BANK7   BANK8   BANK9  BANK10  BANK11  BANK12  BANK13  BANK14
      Params:         0       0       0       0       0       0       0       0       0       0       0       0       0       0       0       0
      Locals:         0       0       0       0       0       0       0       0       0       0       0       0       0       0       0       0
      Temps:          0       0       0       0       0       0       0       0       0       0       0       0       0       0       0       0
      Totals:         0       0       0       0       0       0       0       0       0       0       0       0       0       0       0       0
Total ram usage:        0 bytes
 Hardware stack levels used:    1
 Hardware stack levels required when called:    6
 This function calls:
		_INTERRUPT_Initialize
		_OSCILLATOR_Initialize
		_PIN_MANAGER_Initialize
		_TMR1_Initialize
 This function is called by:
		_main
 This function uses a non-reentrant model


 *************** function _TMR1_Initialize *****************
 Defined at:
		line 65 in file "mcc_generated_files/tmr1.c"
 Parameters:    Size  Location     Type
		None
 Auto vars:     Size  Location     Type
		None
 Return value:  Size  Location     Type
                  1    wreg      void 
 Registers used:
		wreg, status,2, status,0, cstack
 Tracked objects:
		On entry : 
		On exit  : 
		Unchanged: 
 Data sizes:     COMRAM   BANK0   BANK1   BANK2   BANK3   BANK4   BANK5   BANK6   BANK7   BANK8   BANK9  BANK10  BANK11  BANK12  BANK13  BANK14
      Params:         0       0       0       0       0       0       0       0       0       0       0       0       0       0       0       0
      Locals:         0       0       0       0       0       0       0       0       0       0       0       0       0       0       0       0
      Temps:          2       0       0       0       0       0       0       0       0       0       0       0       0       0       0       0
      Totals:         2       0       0       0       0       0       0       0       0       0       0       0       0       0       0       0
Total ram usage:        2 bytes
 Hardware stack levels used:    1
 Hardware stack levels required when called:    5
 This function calls:
		_TMR1_SetInterruptHandler
		_TMR1_StartTimer
 This function is called by:
		_SYSTEM_Initialize
 This function uses a non-reentrant model


 *************** function _TMR1_StartTimer *****************
 Defined at:
		line 103 in file "mcc_generated_files/tmr1.c"
 Parameters:    Size  Location     Type
		None
 Auto vars:     Size  Location     Type
		None
 Return value:  Size  Location     Type
                  1    wreg      void 
 Registers used:
		None
 Tracked objects:
		On entry : 
		On exit  : 
		Unchanged: 
 Data sizes:     COMRAM   BANK0   BANK1   BANK2   BANK3   BANK4   BANK5   BANK6   BANK7   BANK8   BANK9  BANK10  BANK11  BANK12  BANK13  BANK14
      Params:         0       0       0       0       0       0       0       0       0       0       0       0       0       0       0       0
      Locals:         0       0       0       0       0       0       0       0       0       0       0       0       0       0       0       0
      Temps:          0       0       0       0       0       0       0       0       0       0       0       0       0       0       0       0
      Totals:         0       0       0       0       0       0       0       0       0       0       0       0       0       0       0       0
Total ram usage:        0 bytes
 Hardware stack levels used:    1
 Hardware stack levels required when called:    4
 This function calls:
		Nothing
 This function is called by:
		_TMR1_Initialize
 This function uses a non-reentrant model


 *************** function _TMR1_SetInterruptHandler *****************
 Defined at:
		line 186 in file "mcc_generated_files/tmr1.c"
 Parameters:    Size  Location     Type
  InterruptHan    2   14[COMRAM] PTR void 
		 -> TMR1_DefaultInterruptHandler(1), 
 Auto vars:     Size  Location     Type
		None
 Return value:  Size  Location     Type
                  1    wreg      void 
 Registers used:
		wreg, status,2, status,0
 Tracked objects:
		On entry : 
		On exit  : 
		Unchanged: 
 Data sizes:     COMRAM   BANK0   BANK1   BANK2   BANK3   BANK4   BANK5   BANK6   BANK7   BANK8   BANK9  BANK10  BANK11  BANK12  BANK13  BANK14
      Params:         2       0       0       0       0       0       0       0       0       0       0       0       0       0       0       0
      Locals:         0       0       0       0       0       0       0       0       0       0       0       0       0       0       0       0
      Temps:          0       0       0       0       0       0       0       0       0       0       0       0       0       0       0       0
      Totals:         2       0       0       0       0       0       0       0       0       0       0       0       0       0       0       0
Total ram usage:        2 bytes
 Hardware stack levels used:    1
 Hardware stack levels required when called:    4
 This function calls:
		Nothing
 This function is called by:
		_TMR1_Initialize
 This function uses a non-reentrant model


 *************** function _PIN_MANAGER_Initialize *****************
 Defined at:
		line 51 in file "mcc_generated_files/pin_manager.c"
 Parameters:    Size  Location     Type
		None
 Auto vars:     Size  Location     Type
		None
 Return value:  Size  Location     Type
                  1    wreg      void 
 Registers used:
		wreg, status,2
 Tracked objects:
		On entry : 
		On exit  : 
		Unchanged: 
 Data sizes:     COMRAM   BANK0   BANK1   BANK2   BANK3   BANK4   BANK5   BANK6   BANK7   BANK8   BANK9  BANK10  BANK11  BANK12  BANK13  BANK14
      Params:         0       0       0       0       0       0       0       0       0       0       0       0       0       0       0       0
      Locals:         0       0       0       0       0       0       0       0       0       0       0       0       0       0       0       0
      Temps:          0       0       0       0       0       0       0       0       0       0       0       0       0       0       0       0
      Totals:         0       0       0       0       0       0       0       0       0       0       0       0       0       0       0       0
Total ram usage:        0 bytes
 Hardware stack levels used:    1
 Hardware stack levels required when called:    4
 This function calls:
		Nothing
 This function is called by:
		_SYSTEM_Initialize
 This function uses a non-reentrant model


 *************** function _OSCILLATOR_Initialize *****************
 Defined at:
		line 116 in file "mcc_generated_files/mcc.c"
 Parameters:    Size  Location     Type
		None
 Auto vars:     Size  Location     Type
		None
 Return value:  Size  Location     Type
                  1    wreg      void 
 Registers used:
		wreg, status,2
 Tracked objects:
		On entry : 
		On exit  : 
		Unchanged: 
 Data sizes:     COMRAM   BANK0   BANK1   BANK2   BANK3   BANK4   BANK5   BANK6   BANK7   BANK8   BANK9  BANK10  BANK11  BANK12  BANK13  BANK14
      Params:         0       0       0       0       0       0       0       0       0       0       0       0       0       0       0       0
      Locals:         0       0       0       0       0       0       0       0       0       0       0       0       0       0       0       0
      Temps:          0       0       0       0       0       0       0       0       0       0       0       0       0       0       0       0
      Totals:         0       0       0       0       0       0       0       0       0       0       0       0       0       0       0       0
Total ram usage:        0 bytes
 Hardware stack levels used:    1
 Hardware stack levels required when called:    4
 This function calls:
		Nothing
 This function is called by:
		_SYSTEM_Initialize
 This function uses a non-reentrant model


 *************** function _INTERRUPT_Initialize *****************
 Defined at:
		line 51 in file "mcc_generated_files/interrupt_manager.c"
 Parameters:    Size  Location     Type
		None
 Auto vars:     Size  Location     Type
		None
 Return value:  Size  Location     Type
                  1    wreg      void 
 Registers used:
		None
 Tracked objects:
		On entry : 
		On exit  : 
		Unchanged: 
 Data sizes:     COMRAM   BANK0   BANK1   BANK2   BANK3   BANK4   BANK5   BANK6   BANK7   BANK8   BANK9  BANK10  BANK11  BANK12  BANK13  BANK14
      Params:         0       0       0       0       0       0       0       0       0       0       0       0       0       0       0       0
      Locals:         0       0       0       0       0       0       0       0       0       0       0       0       0       0       0       0
      Temps:          0       0       0       0       0       0       0       0       0       0       0       0       0       0       0       0
      Totals:         0       0       0       0       0       0       0       0       0       0       0       0       0       0       0       0
Total ram usage:        0 bytes
 Hardware stack levels used:    1
 Hardware stack levels required when called:    4
 This function calls:
		Nothing
 This function is called by:
		_SYSTEM_Initialize
 This function uses a non-reentrant model


 *************** function _InitApp *****************
 Defined at:
		line 3 in file "app/app_init.c"
 Parameters:    Size  Location     Type
		None
 Auto vars:     Size  Location     Type
		None
 Return value:  Size  Location     Type
                  1    wreg      void 
 Registers used:
		None
 Tracked objects:
		On entry : 
		On exit  : 
		Unchanged: 
 Data sizes:     COMRAM   BANK0   BANK1   BANK2   BANK3   BANK4   BANK5   BANK6   BANK7   BANK8   BANK9  BANK10  BANK11  BANK12  BANK13  BANK14
      Params:         0       0       0       0       0       0       0       0       0       0       0       0       0       0       0       0
      Locals:         0       0       0       0       0       0       0       0       0       0       0       0       0       0       0       0
      Temps:          0       0       0       0       0       0       0       0       0       0       0       0       0       0       0       0
      Totals:         0       0       0       0       0       0       0       0       0       0       0       0       0       0       0       0
Total ram usage:        0 bytes
 Hardware stack levels used:    1
 Hardware stack levels required when called:    4
 This function calls:
		Nothing
 This function is called by:
		_main
 This function uses a non-reentrant model


 *************** function _INTERRUPT_InterruptManagerHigh *****************
 Defined at:
		line 64 in file "mcc_generated_files/interrupt_manager.c"
 Parameters:    Size  Location     Type
		None
 Auto vars:     Size  Location     Type
		None
 Return value:  Size  Location     Type
                  1    wreg      void 
 Registers used:
		wreg, status,2, status,0, pclat, tosl, cstack
 Tracked objects:
		On entry : 
		On exit  : 
		Unchanged: 
 Data sizes:     COMRAM   BANK0   BANK1   BANK2   BANK3   BANK4   BANK5   BANK6   BANK7   BANK8   BANK9  BANK10  BANK11  BANK12  BANK13  BANK14
      Params:         0       0       0       0       0       0       0       0       0       0       0       0       0       0       0       0
      Locals:         0       0       0       0       0       0       0       0       0       0       0       0       0       0       0       0
      Temps:         14       0       0       0       0       0       0       0       0       0       0       0       0       0       0       0
      Totals:        14       0       0       0       0       0       0       0       0       0       0       0       0       0       0       0
Total ram usage:       14 bytes
 Hardware stack levels used:    1
 Hardware stack levels required when called:    3
 This function calls:
		_TMR1_ISR
 This function is called by:
		Interrupt level 2
 This function uses a non-reentrant model


 *************** function _TMR1_ISR *****************
 Defined at:
		line 163 in file "mcc_generated_files/tmr1.c"
 Parameters:    Size  Location     Type
		None
 Auto vars:     Size  Location     Type
		None
 Return value:  Size  Location     Type
                  1    wreg      void 
 Registers used:
		wreg, status,2, status,0, pclat, tosl, cstack
 Tracked objects:
		On entry : 
		On exit  : 
		Unchanged: 
 Data sizes:     COMRAM   BANK0   BANK1   BANK2   BANK3   BANK4   BANK5   BANK6   BANK7   BANK8   BANK9  BANK10  BANK11  BANK12  BANK13  BANK14
      Params:         0       0       0       0       0       0       0       0       0       0       0       0       0       0       0       0
      Locals:         0       0       0       0       0       0       0       0       0       0       0       0       0       0       0       0
      Temps:          0       0       0       0       0       0       0       0       0       0       0       0       0       0       0       0
      Totals:         0       0       0       0       0       0       0       0       0       0       0       0       0       0       0       0
Total ram usage:        0 bytes
 Hardware stack levels used:    1
 Hardware stack levels required when called:    2
 This function calls:
		_TMR1_CallBack
 This function is called by:
		_INTERRUPT_InterruptManagerHigh
 This function uses a non-reentrant model


 *************** function _TMR1_CallBack *****************
 Defined at:
		line 177 in file "mcc_generated_files/tmr1.c"
 Parameters:    Size  Location     Type
		None
 Auto vars:     Size  Location     Type
		None
 Return value:  Size  Location     Type
                  1    wreg      void 
 Registers used:
		wreg, status,2, status,0, pclat, tosl, cstack
 Tracked objects:
		On entry : 
		On exit  : 
		Unchanged: 
 Data sizes:     COMRAM   BANK0   BANK1   BANK2   BANK3   BANK4   BANK5   BANK6   BANK7   BANK8   BANK9  BANK10  BANK11  BANK12  BANK13  BANK14
      Params:         0       0       0       0       0       0       0       0       0       0       0       0       0       0       0       0
      Locals:         0       0       0       0       0       0       0       0       0       0       0       0       0       0       0       0
      Temps:          0       0       0       0       0       0       0       0       0       0       0       0       0       0       0       0
      Totals:         0       0       0       0       0       0       0       0       0       0       0       0       0       0       0       0
Total ram usage:        0 bytes
 Hardware stack levels used:    1
 Hardware stack levels required when called:    1
 This function calls:
		Absolute function
		_TMR1_DefaultInterruptHandler
 This function is called by:
		_TMR1_ISR
 This function uses a non-reentrant model


 *************** function _TMR1_DefaultInterruptHandler *****************
 Defined at:
		line 190 in file "mcc_generated_files/tmr1.c"
 Parameters:    Size  Location     Type
		None
 Auto vars:     Size  Location     Type
		None
 Return value:  Size  Location     Type
                  1    wreg      void 
 Registers used:
		wreg, status,2
 Tracked objects:
		On entry : 
		On exit  : 
		Unchanged: 
 Data sizes:     COMRAM   BANK0   BANK1   BANK2   BANK3   BANK4   BANK5   BANK6   BANK7   BANK8   BANK9  BANK10  BANK11  BANK12  BANK13  BANK14
      Params:         0       0       0       0       0       0       0       0       0       0       0       0       0       0       0       0
      Locals:         0       0       0       0       0       0       0       0       0       0       0       0       0       0       0       0
      Temps:          0       0       0       0       0       0       0       0       0       0       0       0       0       0       0       0
      Totals:         0       0       0       0       0       0       0       0       0       0       0       0       0       0       0       0
Total ram usage:        0 bytes
 Hardware stack levels used:    1
 This function calls:
		Nothing
 This function is called by:
		_TMR1_Initialize
		_TMR1_CallBack
 This function uses a non-reentrant model



MODULE INFORMATION

Module		Function		Class		Link	Load	Size
mcc_generated_files/interrupt_manager.c
		_INTERRUPT_Initialize		CODE           	1188	0000	9
		_INTERRUPT_InterruptManagerHigh		CODE           	0008	0000	133

mcc_generated_files/interrupt_manager.c estimated size: 142

app/app_LED.c
		_app_LED_Task  		CODE           	1014	0000	81

app/app_LED.c estimated size: 81

mcc_generated_files/pin_manager.c
		_PIN_MANAGER_Initialize		CODE           	0F22	0000	125

mcc_generated_files/pin_manager.c estimated size: 125

periodic_task_exec.c
		_periodic_task_tk		CODE           	11A4	0000	3
		_periodic_task_2tk		CODE           	11A2	0000	3
		_periodic_task_4tk		CODE           	11A0	0000	3
		_periodic_task_8tk		CODE           	119E	0000	3
		_periodic_task_32tk		CODE           	1190	0000	7
		_TASK_DUMMY    		CODE           	119C	0000	3
		_periodic_task_1024tk		CODE           	119A	0000	3

periodic_task_exec.c estimated size: 25

OS_SEBELL/OS_SEBELL_sched_util.c
		_sched_util_task_finder		CODE           	10AC	0000	67

OS_SEBELL/OS_SEBELL_sched_util.c estimated size: 67

shared
		_tasks_list    		SMALLCONST     	0F01	0000	33
		__initialization		CODE           	112C	0000	9

shared estimated size: 42

mcc_generated_files/mcc.c
		_OSCILLATOR_Initialize		CODE           	10EE	0000	33
		_SYSTEM_Initialize		CODE           	1150	0000	19

mcc_generated_files/mcc.c estimated size: 52

mcc_generated_files/tmr1.c
		_TMR1_Initialize		CODE           	1064	0000	73
		_TMR1_SetInterruptHandler		CODE           	1174	0000	11
		_TMR1_DefaultInterruptHandler		CODE           	117E	0000	11
		_TMR1_CallBack 		CODE           	110E	0000	31
		_TMR1_StartTimer		CODE           	1196	0000	5
		_TMR1_ISR      		CODE           	1162	0000	19

mcc_generated_files/tmr1.c estimated size: 150

OS_SEBELL/OS_SEBELL_schedu.c
		_scheduler_loop		CODE           	0F9E	0000	119

OS_SEBELL/OS_SEBELL_schedu.c estimated size: 119

app/app_init.c
		_InitApp       		CODE           	11A6	0000	3

app/app_init.c estimated size: 3

main.c
		_main          		CODE           	113E	0000	19

main.c estimated size: 19

